// Jest Snapshot v1, https://goo.gl/fbAQLP

exports[`CardList component renders correctly 1`] = `
<View>
  <FlatList
    data={
      Array [
        Object {
          "id": "dummy-id",
          "itemProp": "dummy prop",
        },
      ]
    }
    disableVirtualization={false}
    horizontal={false}
    initialNumToRender={10}
    keyExtractor={[Function]}
    maxToRenderPerBatch={10}
    numColumns={1}
    onEndReachedThreshold={2}
    refreshControl={null}
    removeClippedSubviews={false}
    renderItem={[Function]}
    scrollEventThrottle={50}
    updateCellsBatchingPeriod={50}
    windowSize={21}
  />
</View>
`;
