// Jest Snapshot v1, https://goo.gl/fbAQLP

exports[`CategoryList component renders correctly 1`] = `
<Component
  data={
    Array [
      Object {
        "id": "dummy-id",
        "onCategoryPress": [MockFunction],
        "onProductPress": [MockFunction],
        "products": Array [],
        "title": "dummy title",
      },
    ]
  }
/>
`;
